// Jest Snapshot v1, https://goo.gl/fbAQLP

exports[`Header should be able to render snapshot 1`] = `
<header
  className="header"
>
  <div
    className="header__logo"
  />
  <div
    className="header__link"
  >
    <div
      className="header__link-icon"
    />
    <button
      className="header__link-text"
      onClick={[MockFunction]}
    >
      Voltar
    </button>
  </div>
</header>
`;
